python : Traceback 
(most recent call 
last):
At line:1 char:1
+ python 
test_phase2.py 2>&1 
> test_output.txt
+ ~~~~~~~~~~~~~~~~~~~
~~~~~~~~~~~~~~~~~~~~~
~~~~
    + CategoryInfo   
           : NotSpe  
  cified: (Traceba   
 ck (most recent     
call last)::Stri    
ng) [], RemoteEx    
ception
    + FullyQualified 
   ErrorId : Native  
  CommandError
 
  File "C:\Users\Luca
s\Evolving Village\te
st_phase2.py", line 
11, in <module>
    
w.tick_simulation()
  File "C:\Users\Luca
s\Evolving Village\si
mulation\world.py", 
line 346, in 
tick_simulation
    
self._health_status 
= get_village_health_
status(self.villagers
)
                     
     ^^^^^^^^^^^^^^^^
^^^^^^^^^^^^^^^^^^^^^
^^^^
  File "C:\Users\Luca
s\Evolving Village\si
mulation\health.py", 
line 209, in get_vill
age_health_status
    
counts[v.illness] += 
1
    ~~~~~~^^^^^^^^^^^
KeyError: 
<IllnessState.NONE: 
1>
Init OK
